Category: 📺央视频道, Name: CCTV-1, Total: 32, Valid: 8, Valid Percent: 25.00%, Whitelist: 0, IPv4: 2, IPv6: 30, Min Delay: 60 ms, Max Speed: 16.91 M/s, Avg Speed: 6.46 M/s, Max Resolution: 1920x1080
Category: 📺央视频道, Name: CCTV-2, Total: 32, Valid: 7, Valid Percent: 21.88%, Whitelist: 0, IPv4: 2, IPv6: 30, Min Delay: 67 ms, Max Speed: 9.10 M/s, Avg Speed: 5.74 M/s, Max Resolution: 1920x1080
Category: 📺央视频道, Name: CCTV-3, Total: 37, Valid: 13, Valid Percent: 35.14%, Whitelist: 0, IPv4: 2, IPv6: 35, Min Delay: 71 ms, Max Speed: 10.49 M/s, Avg Speed: 5.54 M/s, Max Resolution: 1920x1080
Category: 📺央视频道, Name: CCTV-4, Total: 82, Valid: 11, Valid Percent: 13.41%, Whitelist: 0, IPv4: 2, IPv6: 80, Min Delay: 57 ms, Max Speed: 14.45 M/s, Avg Speed: 7.16 M/s, Max Resolution: 1920x1080
Category: 📺央视频道, Name: CCTV-5, Total: 79, Valid: 13, Valid Percent: 16.46%, Whitelist: 0, IPv4: 5, IPv6: 74, Min Delay: 45 ms, Max Speed: 19.46 M/s, Avg Speed: 7.32 M/s, Max Resolution: 1920x1080
Category: 📺央视频道, Name: CCTV-5+, Total: 5, Valid: 3, Valid Percent: 60.00%, Whitelist: 0, IPv4: 0, IPv6: 5, Min Delay: 61 ms, Max Speed: 6.89 M/s, Avg Speed: 6.87 M/s, Max Resolution: 1920x1080
Category: 📺央视频道, Name: CCTV-6, Total: 31, Valid: 7, Valid Percent: 22.58%, Whitelist: 0, IPv4: 2, IPv6: 29, Min Delay: 60 ms, Max Speed: 10.17 M/s, Avg Speed: 6.39 M/s, Max Resolution: 1920x1080
Category: 📺央视频道, Name: CCTV-7, Total: 29, Valid: 5, Valid Percent: 17.24%, Whitelist: 0, IPv4: 3, IPv6: 26, Min Delay: 134 ms, Max Speed: 14.16 M/s, Avg Speed: 6.20 M/s, Max Resolution: 1920x1080
Category: 📺央视频道, Name: CCTV-8, Total: 26, Valid: 2, Valid Percent: 7.69%, Whitelist: 0, IPv4: 1, IPv6: 25, Min Delay: 141 ms, Max Speed: 9.02 M/s, Avg Speed: 6.13 M/s, Max Resolution: 1920x1080
Category: 📺央视频道, Name: CCTV-9, Total: 39, Valid: 15, Valid Percent: 38.46%, Whitelist: 0, IPv4: 1, IPv6: 38, Min Delay: 62 ms, Max Speed: 7.00 M/s, Avg Speed: 4.41 M/s, Max Resolution: 1920x1080
Category: 📺央视频道, Name: CCTV-10, Total: 35, Valid: 11, Valid Percent: 31.43%, Whitelist: 0, IPv4: 3, IPv6: 32, Min Delay: 68 ms, Max Speed: 8.80 M/s, Avg Speed: 5.54 M/s, Max Resolution: 1920x1080
Category: 📺央视频道, Name: CCTV-11, Total: 29, Valid: 5, Valid Percent: 17.24%, Whitelist: 0, IPv4: 3, IPv6: 26, Min Delay: 127 ms, Max Speed: 21.70 M/s, Avg Speed: 9.47 M/s, Max Resolution: 1920x1080
Category: 📺央视频道, Name: CCTV-12, Total: 39, Valid: 15, Valid Percent: 38.46%, Whitelist: 0, IPv4: 3, IPv6: 36, Min Delay: 112 ms, Max Speed: 9.01 M/s, Avg Speed: 3.58 M/s, Max Resolution: 1920x1080
Category: 📺央视频道, Name: CCTV-13, Total: 41, Valid: 16, Valid Percent: 39.02%, Whitelist: 0, IPv4: 2, IPv6: 39, Min Delay: 103 ms, Max Speed: 8.15 M/s, Avg Speed: 3.35 M/s, Max Resolution: 1920x1080
Category: 📺央视频道, Name: CCTV-14, Total: 30, Valid: 6, Valid Percent: 20.00%, Whitelist: 0, IPv4: 5, IPv6: 25, Min Delay: 434 ms, Max Speed: 14.14 M/s, Avg Speed: 7.65 M/s, Max Resolution: 1920x1080
Category: 📺央视频道, Name: CCTV-15, Total: 28, Valid: 4, Valid Percent: 14.29%, Whitelist: 0, IPv4: 4, IPv6: 24, Min Delay: 534 ms, Max Speed: 9.67 M/s, Avg Speed: 6.69 M/s, Max Resolution: 1920x1080
Category: 📺央视频道, Name: CCTV-16, Total: 11, Valid: 5, Valid Percent: 45.45%, Whitelist: 0, IPv4: 4, IPv6: 7, Min Delay: 435 ms, Max Speed: 8.73 M/s, Avg Speed: 5.62 M/s, Max Resolution: 1920x1080
Category: 📺央视频道, Name: CCTV-17, Total: 32, Valid: 7, Valid Percent: 21.88%, Whitelist: 0, IPv4: 4, IPv6: 28, Min Delay: 63 ms, Max Speed: 11.46 M/s, Avg Speed: 7.30 M/s, Max Resolution: 1920x1080
Category: 📺央视频道, Name: CETV-1, Total: 32, Valid: 2, Valid Percent: 6.25%, Whitelist: 0, IPv4: 2, IPv6: 30, Min Delay: 478 ms, Max Speed: 0.09 M/s, Avg Speed: 0.06 M/s, Max Resolution: 1920x1080
Category: 📺央视频道, Name: CETV-2, Total: 26, Valid: 0, Valid Percent: 0.00%, Whitelist: 0, IPv4: 0, IPv6: 26, Min Delay: -1 ms, Max Speed: 0.00 M/s, Avg Speed: 0.00 M/s, Max Resolution: None
Category: 📺央视频道, Name: CETV-3, Total: 6, Valid: 0, Valid Percent: 0.00%, Whitelist: 0, IPv4: 0, IPv6: 6, Min Delay: -1 ms, Max Speed: 0.00 M/s, Avg Speed: 0.00 M/s, Max Resolution: None
Category: 📺央视频道, Name: CETV-4, Total: 32, Valid: 1, Valid Percent: 3.12%, Whitelist: 0, IPv4: 1, IPv6: 31, Min Delay: 484 ms, Max Speed: 0.02 M/s, Avg Speed: 0.02 M/s, Max Resolution: 1920x1080
Category: 💰央视付费频道, Name: 文化精品, Total: 1, Valid: 1, Valid Percent: 100.00%, Whitelist: 0, IPv4: 1, IPv6: 0, Min Delay: 259 ms, Max Speed: 16.85 M/s, Avg Speed: 16.85 M/s, Max Resolution: 1920x1080
Category: 💰央视付费频道, Name: 央视台球, Total: 12, Valid: 6, Valid Percent: 50.00%, Whitelist: 0, IPv4: 8, IPv6: 4, Min Delay: 161 ms, Max Speed: 13.67 M/s, Avg Speed: 2.51 M/s, Max Resolution: 1920x1080
Category: 💰央视付费频道, Name: 风云音乐, Total: 2, Valid: 2, Valid Percent: 100.00%, Whitelist: 0, IPv4: 2, IPv6: 0, Min Delay: 229 ms, Max Speed: 19.54 M/s, Avg Speed: 9.78 M/s, Max Resolution: 1920x1080
Category: 💰央视付费频道, Name: 第一剧场, Total: 1, Valid: 1, Valid Percent: 100.00%, Whitelist: 0, IPv4: 1, IPv6: 0, Min Delay: 467 ms, Max Speed: 0.15 M/s, Avg Speed: 0.15 M/s, Max Resolution: None
Category: 💰央视付费频道, Name: 怀旧剧场, Total: 1, Valid: 1, Valid Percent: 100.00%, Whitelist: 0, IPv4: 1, IPv6: 0, Min Delay: 236 ms, Max Speed: 18.32 M/s, Avg Speed: 18.32 M/s, Max Resolution: 1920x1080
Category: 💰央视付费频道, Name: 女性时尚, Total: 1, Valid: 1, Valid Percent: 100.00%, Whitelist: 0, IPv4: 1, IPv6: 0, Min Delay: 213 ms, Max Speed: 21.52 M/s, Avg Speed: 21.52 M/s, Max Resolution: 1920x1080
Category: 💰央视付费频道, Name: 高尔夫网球, Total: 2, Valid: 2, Valid Percent: 100.00%, Whitelist: 0, IPv4: 2, IPv6: 0, Min Delay: 233 ms, Max Speed: 19.28 M/s, Avg Speed: 9.65 M/s, Max Resolution: 1920x1080
Category: 💰央视付费频道, Name: 风云足球, Total: 2, Valid: 2, Valid Percent: 100.00%, Whitelist: 0, IPv4: 1, IPv6: 1, Min Delay: 254 ms, Max Speed: 18.44 M/s, Avg Speed: 9.34 M/s, Max Resolution: 1920x1080
Category: 💰央视付费频道, Name: 电视指南, Total: 1, Valid: 1, Valid Percent: 100.00%, Whitelist: 0, IPv4: 1, IPv6: 0, Min Delay: 231 ms, Max Speed: 20.51 M/s, Avg Speed: 20.51 M/s, Max Resolution: 1920x1080
Category: 💰央视付费频道, Name: 世界地理, Total: 1, Valid: 1, Valid Percent: 100.00%, Whitelist: 0, IPv4: 1, IPv6: 0, Min Delay: 245 ms, Max Speed: 21.54 M/s, Avg Speed: 21.54 M/s, Max Resolution: 1920x1080
Category: 💰央视付费频道, Name: 兵器科技, Total: 2, Valid: 2, Valid Percent: 100.00%, Whitelist: 0, IPv4: 2, IPv6: 0, Min Delay: 244 ms, Max Speed: 21.92 M/s, Avg Speed: 10.98 M/s, Max Resolution: 1920x1080
Category: 📡卫视频道, Name: 广东卫视, Total: 39, Valid: 3, Valid Percent: 7.69%, Whitelist: 0, IPv4: 3, IPv6: 36, Min Delay: 192 ms, Max Speed: 18.49 M/s, Avg Speed: 6.97 M/s, Max Resolution: 1920x1080
Category: 📡卫视频道, Name: 浙江卫视, Total: 68, Valid: 8, Valid Percent: 11.76%, Whitelist: 0, IPv4: 4, IPv6: 64, Min Delay: 96 ms, Max Speed: 24.38 M/s, Avg Speed: 5.79 M/s, Max Resolution: 1920x1080
Category: 📡卫视频道, Name: 湖南卫视, Total: 55, Valid: 7, Valid Percent: 12.73%, Whitelist: 0, IPv4: 7, IPv6: 48, Min Delay: 9 ms, Max Speed: 16.01 M/s, Avg Speed: 5.08 M/s, Max Resolution: 3840x2160
Category: 📡卫视频道, Name: 北京卫视, Total: 47, Valid: 5, Valid Percent: 10.64%, Whitelist: 0, IPv4: 5, IPv6: 42, Min Delay: 9 ms, Max Speed: 19.36 M/s, Avg Speed: 7.94 M/s, Max Resolution: 1920x1080
Category: 📡卫视频道, Name: 湖北卫视, Total: 39, Valid: 5, Valid Percent: 12.82%, Whitelist: 0, IPv4: 3, IPv6: 36, Min Delay: 41 ms, Max Speed: 18.71 M/s, Avg Speed: 7.99 M/s, Max Resolution: 1920x1080
Category: 📡卫视频道, Name: 黑龙江卫视, Total: 13, Valid: 3, Valid Percent: 23.08%, Whitelist: 0, IPv4: 2, IPv6: 11, Min Delay: 160 ms, Max Speed: 22.43 M/s, Avg Speed: 7.64 M/s, Max Resolution: 1920x1080
Category: 📡卫视频道, Name: 安徽卫视, Total: 14, Valid: 3, Valid Percent: 21.43%, Whitelist: 0, IPv4: 3, IPv6: 11, Min Delay: 168 ms, Max Speed: 14.74 M/s, Avg Speed: 5.50 M/s, Max Resolution: 1920x1080
Category: 📡卫视频道, Name: 重庆卫视, Total: 15, Valid: 4, Valid Percent: 26.67%, Whitelist: 0, IPv4: 4, IPv6: 11, Min Delay: 150 ms, Max Speed: 22.46 M/s, Avg Speed: 11.44 M/s, Max Resolution: 1920x1080
Category: 📡卫视频道, Name: 东方卫视, Total: 51, Valid: 13, Valid Percent: 25.49%, Whitelist: 0, IPv4: 6, IPv6: 45, Min Delay: 40 ms, Max Speed: 16.91 M/s, Avg Speed: 8.48 M/s, Max Resolution: 1920x1080
Category: 📡卫视频道, Name: 东南卫视, Total: 15, Valid: 5, Valid Percent: 33.33%, Whitelist: 0, IPv4: 3, IPv6: 12, Min Delay: 40 ms, Max Speed: 19.40 M/s, Avg Speed: 6.66 M/s, Max Resolution: 1920x1080
Category: 📡卫视频道, Name: 甘肃卫视, Total: 11, Valid: 3, Valid Percent: 27.27%, Whitelist: 0, IPv4: 2, IPv6: 9, Min Delay: 0.1 ms, Max Speed: 5.80 M/s, Avg Speed: 1.93 M/s, Max Resolution: 1920x1080
Category: 📡卫视频道, Name: 广西卫视, Total: 15, Valid: 5, Valid Percent: 33.33%, Whitelist: 0, IPv4: 3, IPv6: 12, Min Delay: 312 ms, Max Speed: 16.70 M/s, Avg Speed: 6.01 M/s, Max Resolution: 1920x1080
Category: 📡卫视频道, Name: 贵州卫视, Total: 12, Valid: 3, Valid Percent: 25.00%, Whitelist: 0, IPv4: 3, IPv6: 9, Min Delay: 160 ms, Max Speed: 9.99 M/s, Avg Speed: 4.18 M/s, Max Resolution: 1920x1080
Category: 📡卫视频道, Name: 海南卫视, Total: 56, Valid: 0, Valid Percent: 0.00%, Whitelist: 0, IPv4: 0, IPv6: 56, Min Delay: -1 ms, Max Speed: 0.00 M/s, Avg Speed: 0.00 M/s, Max Resolution: None
Category: 📡卫视频道, Name: 河北卫视, Total: 13, Valid: 1, Valid Percent: 7.69%, Whitelist: 0, IPv4: 1, IPv6: 12, Min Delay: 1116 ms, Max Speed: 2.21 M/s, Avg Speed: 2.21 M/s, Max Resolution: 1920x1080
Category: 📡卫视频道, Name: 河南卫视, Total: 37, Valid: 2, Valid Percent: 5.41%, Whitelist: 0, IPv4: 1, IPv6: 36, Min Delay: 16 ms, Max Speed: 28.01 M/s, Avg Speed: 18.96 M/s, Max Resolution: 1920x1080
Category: 📡卫视频道, Name: 吉林卫视, Total: 40, Valid: 6, Valid Percent: 15.00%, Whitelist: 0, IPv4: 2, IPv6: 38, Min Delay: 40 ms, Max Speed: 10.73 M/s, Avg Speed: 8.34 M/s, Max Resolution: 1920x1080
Category: 📡卫视频道, Name: 江苏卫视, Total: 45, Valid: 9, Valid Percent: 20.00%, Whitelist: 0, IPv4: 4, IPv6: 41, Min Delay: 39 ms, Max Speed: 17.67 M/s, Avg Speed: 9.36 M/s, Max Resolution: 1920x1080
Category: 📡卫视频道, Name: 江西卫视, Total: 41, Valid: 5, Valid Percent: 12.20%, Whitelist: 0, IPv4: 1, IPv6: 40, Min Delay: 38 ms, Max Speed: 10.31 M/s, Avg Speed: 8.38 M/s, Max Resolution: 1920x1080
Category: 📡卫视频道, Name: 辽宁卫视, Total: 40, Valid: 4, Valid Percent: 10.00%, Whitelist: 0, IPv4: 4, IPv6: 36, Min Delay: 175 ms, Max Speed: 20.29 M/s, Avg Speed: 6.54 M/s, Max Resolution: 1920x1080
Category: 📡卫视频道, Name: 内蒙古卫视, Total: 33, Valid: 3, Valid Percent: 9.09%, Whitelist: 0, IPv4: 2, IPv6: 31, Min Delay: 353 ms, Max Speed: 14.53 M/s, Avg Speed: 6.35 M/s, Max Resolution: 1920x1080
Category: 📡卫视频道, Name: 宁夏卫视, Total: 15, Valid: 2, Valid Percent: 13.33%, Whitelist: 0, IPv4: 2, IPv6: 13, Min Delay: 168 ms, Max Speed: 11.41 M/s, Avg Speed: 5.70 M/s, Max Resolution: 1920x1080
Category: 📡卫视频道, Name: 青海卫视, Total: 39, Valid: 5, Valid Percent: 12.82%, Whitelist: 0, IPv4: 2, IPv6: 37, Min Delay: 43 ms, Max Speed: 15.84 M/s, Avg Speed: 9.51 M/s, Max Resolution: 1920x1080
Category: 📡卫视频道, Name: 山东卫视, Total: 14, Valid: 3, Valid Percent: 21.43%, Whitelist: 0, IPv4: 2, IPv6: 12, Min Delay: 282 ms, Max Speed: 18.72 M/s, Avg Speed: 7.45 M/s, Max Resolution: 1920x1080
Category: 📡卫视频道, Name: 山西卫视, Total: 10, Valid: 3, Valid Percent: 30.00%, Whitelist: 0, IPv4: 2, IPv6: 8, Min Delay: 394 ms, Max Speed: 12.68 M/s, Avg Speed: 5.40 M/s, Max Resolution: 1920x1080
Category: 📡卫视频道, Name: 陕西卫视, Total: 39, Valid: 6, Valid Percent: 15.38%, Whitelist: 0, IPv4: 2, IPv6: 37, Min Delay: 41 ms, Max Speed: 22.33 M/s, Avg Speed: 11.09 M/s, Max Resolution: 1920x1080
Category: 📡卫视频道, Name: 四川卫视, Total: 13, Valid: 2, Valid Percent: 15.38%, Whitelist: 0, IPv4: 2, IPv6: 11, Min Delay: 180 ms, Max Speed: 7.69 M/s, Avg Speed: 3.85 M/s, Max Resolution: 1920x1080
Category: 📡卫视频道, Name: 深圳卫视, Total: 14, Valid: 3, Valid Percent: 21.43%, Whitelist: 0, IPv4: 3, IPv6: 11, Min Delay: 172 ms, Max Speed: 16.06 M/s, Avg Speed: 6.62 M/s, Max Resolution: 1920x1080
Category: 📡卫视频道, Name: 三沙卫视, Total: 31, Valid: 1, Valid Percent: 3.23%, Whitelist: 0, IPv4: 1, IPv6: 30, Min Delay: 359 ms, Max Speed: 14.48 M/s, Avg Speed: 14.48 M/s, Max Resolution: 1920x1080
Category: 📡卫视频道, Name: 天津卫视, Total: 14, Valid: 3, Valid Percent: 21.43%, Whitelist: 0, IPv4: 3, IPv6: 11, Min Delay: 243 ms, Max Speed: 16.16 M/s, Avg Speed: 8.87 M/s, Max Resolution: 1920x1080
Category: 📡卫视频道, Name: 西藏卫视, Total: 4, Valid: 3, Valid Percent: 75.00%, Whitelist: 0, IPv4: 0, IPv6: 4, Min Delay: 1872 ms, Max Speed: 0.56 M/s, Avg Speed: 0.55 M/s, Max Resolution: 1920x1080
Category: 📡卫视频道, Name: 新疆卫视, Total: 9, Valid: 2, Valid Percent: 22.22%, Whitelist: 0, IPv4: 2, IPv6: 7, Min Delay: 180 ms, Max Speed: 10.22 M/s, Avg Speed: 5.11 M/s, Max Resolution: 1920x1080
Category: 📡卫视频道, Name: 云南卫视, Total: 12, Valid: 2, Valid Percent: 16.67%, Whitelist: 0, IPv4: 2, IPv6: 10, Min Delay: 355 ms, Max Speed: 14.44 M/s, Avg Speed: 8.04 M/s, Max Resolution: 1920x1080
Category: 🌊港·澳·台, Name: 翡翠台, Total: 112, Valid: 8, Valid Percent: 7.14%, Whitelist: 0, IPv4: 4, IPv6: 108, Min Delay: 12 ms, Max Speed: 25.78 M/s, Avg Speed: 17.33 M/s, Max Resolution: 1920x1080
Category: 🌊港·澳·台, Name: 明珠台, Total: 58, Valid: 1, Valid Percent: 1.72%, Whitelist: 0, IPv4: 0, IPv6: 58, Min Delay: 397 ms, Max Speed: 11.91 M/s, Avg Speed: 11.91 M/s, Max Resolution: 1920x1080
Category: 🌊港·澳·台, Name: 凤凰中文, Total: 58, Valid: 5, Valid Percent: 8.62%, Whitelist: 0, IPv4: 3, IPv6: 55, Min Delay: 10 ms, Max Speed: 87.03 M/s, Avg Speed: 34.56 M/s, Max Resolution: 1920x1080
Category: 🌊港·澳·台, Name: 凤凰资讯, Total: 56, Valid: 4, Valid Percent: 7.14%, Whitelist: 0, IPv4: 1, IPv6: 55, Min Delay: 107 ms, Max Speed: 56.36 M/s, Avg Speed: 20.03 M/s, Max Resolution: 1920x1080
Category: 🌊港·澳·台, Name: 凤凰香港, Total: 57, Valid: 5, Valid Percent: 8.77%, Whitelist: 0, IPv4: 2, IPv6: 55, Min Delay: 15 ms, Max Speed: 31.80 M/s, Avg Speed: 10.98 M/s, Max Resolution: 1920x1080
Category: 🌊港·澳·台, Name: 凤凰卫视, Total: 1, Valid: 0, Valid Percent: 0.00%, Whitelist: 0, IPv4: 0, IPv6: 1, Min Delay: -1 ms, Max Speed: 0.00 M/s, Avg Speed: 0.00 M/s, Max Resolution: None
Category: 🌊港·澳·台, Name: TVBS亚洲, Total: 2, Valid: 2, Valid Percent: 100.00%, Whitelist: 0, IPv4: 1, IPv6: 1, Min Delay: 58 ms, Max Speed: 43.95 M/s, Avg Speed: 22.24 M/s, Max Resolution: 1920x1080
Category: 🌊港·澳·台, Name: 纬来体育, Total: 7, Valid: 7, Valid Percent: 100.00%, Whitelist: 0, IPv4: 4, IPv6: 3, Min Delay: 14 ms, Max Speed: 22.18 M/s, Avg Speed: 11.51 M/s, Max Resolution: 1920x1080
Category: 🌊港·澳·台, Name: 纬来育乐, Total: 15, Valid: 3, Valid Percent: 20.00%, Whitelist: 0, IPv4: 3, IPv6: 12, Min Delay: 13 ms, Max Speed: 32.96 M/s, Avg Speed: 19.74 M/s, Max Resolution: 1920x1080
Category: 🌊港·澳·台, Name: J2, Total: 2, Valid: 1, Valid Percent: 50.00%, Whitelist: 0, IPv4: 0, IPv6: 2, Min Delay: 2590 ms, Max Speed: 2.77 M/s, Avg Speed: 2.77 M/s, Max Resolution: 1920x1080
Category: 🌊港·澳·台, Name: Viutv, Total: 2, Valid: 2, Valid Percent: 100.00%, Whitelist: 0, IPv4: 1, IPv6: 1, Min Delay: 13 ms, Max Speed: 24.25 M/s, Avg Speed: 13.35 M/s, Max Resolution: 1920x1080
Category: 🌊港·澳·台, Name: 三立台湾, Total: 1, Valid: 1, Valid Percent: 100.00%, Whitelist: 0, IPv4: 1, IPv6: 0, Min Delay: 15 ms, Max Speed: 20.81 M/s, Avg Speed: 20.81 M/s, Max Resolution: 1920x1080
Category: 🌊港·澳·台, Name: 无线新闻, Total: 2, Valid: 2, Valid Percent: 100.00%, Whitelist: 0, IPv4: 0, IPv6: 2, Min Delay: 780 ms, Max Speed: 3.82 M/s, Avg Speed: 3.54 M/s, Max Resolution: 1920x1080
Category: 🌊港·澳·台, Name: 三立新闻, Total: 3, Valid: 3, Valid Percent: 100.00%, Whitelist: 0, IPv4: 1, IPv6: 2, Min Delay: 14 ms, Max Speed: 22.81 M/s, Avg Speed: 8.52 M/s, Max Resolution: 1920x1080
Category: 🌊港·澳·台, Name: 东森综合, Total: 3, Valid: 3, Valid Percent: 100.00%, Whitelist: 0, IPv4: 3, IPv6: 0, Min Delay: 14 ms, Max Speed: 22.80 M/s, Avg Speed: 19.84 M/s, Max Resolution: 1920x1080
Category: 🌊港·澳·台, Name: 东森超视, Total: 6, Valid: 5, Valid Percent: 83.33%, Whitelist: 0, IPv4: 4, IPv6: 2, Min Delay: 8 ms, Max Speed: 280.84 M/s, Avg Speed: 67.92 M/s, Max Resolution: 1920x1080
Category: 🌊港·澳·台, Name: 东森电影, Total: 1, Valid: 1, Valid Percent: 100.00%, Whitelist: 0, IPv4: 1, IPv6: 0, Min Delay: 17 ms, Max Speed: 18.55 M/s, Avg Speed: 18.55 M/s, Max Resolution: 1920x1080
Category: 🌊港·澳·台, Name: Now剧集, Total: 1, Valid: 0, Valid Percent: 0.00%, Whitelist: 0, IPv4: 0, IPv6: 1, Min Delay: -1 ms, Max Speed: 0.00 M/s, Avg Speed: 0.00 M/s, Max Resolution: None
Category: 🌊港·澳·台, Name: Now华剧, Total: 1, Valid: 1, Valid Percent: 100.00%, Whitelist: 0, IPv4: 1, IPv6: 0, Min Delay: 2682 ms, Max Speed: 0.04 M/s, Avg Speed: 0.04 M/s, Max Resolution: 864x720
Category: 🌊港·澳·台, Name: 靖天资讯, Total: 14, Valid: 2, Valid Percent: 14.29%, Whitelist: 0, IPv4: 2, IPv6: 12, Min Delay: 15 ms, Max Speed: 21.13 M/s, Avg Speed: 12.53 M/s, Max Resolution: 1920x1080
Category: 🎬电影频道, Name: CHC家庭影院, Total: 17, Valid: 3, Valid Percent: 17.65%, Whitelist: 0, IPv4: 0, IPv6: 17, Min Delay: 59 ms, Max Speed: 6.98 M/s, Avg Speed: 4.93 M/s, Max Resolution: 1920x1080
Category: 🎬电影频道, Name: CHC动作电影, Total: 16, Valid: 3, Valid Percent: 18.75%, Whitelist: 0, IPv4: 0, IPv6: 16, Min Delay: 0.1 ms, Max Speed: 6.84 M/s, Avg Speed: 4.34 M/s, Max Resolution: 1920x1080
Category: 🎬电影频道, Name: CHC高清电影, Total: 6, Valid: 3, Valid Percent: 50.00%, Whitelist: 0, IPv4: 6, IPv6: 0, Min Delay: 10004 ms, Max Speed: 0.22 M/s, Avg Speed: 0.08 M/s, Max Resolution: 1920x1080
Category: 🎬电影频道, Name: 淘剧场, Total: 6, Valid: 1, Valid Percent: 16.67%, Whitelist: 0, IPv4: 1, IPv6: 5, Min Delay: 941 ms, Max Speed: 0.74 M/s, Avg Speed: 0.74 M/s, Max Resolution: 1920x1080
Category: 🎬电影频道, Name: NewTV惊悚悬疑, Total: 2, Valid: 0, Valid Percent: 0.00%, Whitelist: 0, IPv4: 0, IPv6: 2, Min Delay: -1 ms, Max Speed: 0.00 M/s, Avg Speed: 0.00 M/s, Max Resolution: None
Category: 🎬电影频道, Name: NewTV动作电影, Total: 1, Valid: 0, Valid Percent: 0.00%, Whitelist: 0, IPv4: 0, IPv6: 1, Min Delay: -1 ms, Max Speed: 0.00 M/s, Avg Speed: 0.00 M/s, Max Resolution: None
Category: 🎬电影频道, Name: 黑莓电影, Total: 1, Valid: 1, Valid Percent: 100.00%, Whitelist: 0, IPv4: 0, IPv6: 1, Min Delay: 3028 ms, Max Speed: 1.85 M/s, Avg Speed: 1.85 M/s, Max Resolution: 1920x1080
Category: 🎬电影频道, Name: 纬来电影, Total: 18, Valid: 2, Valid Percent: 11.11%, Whitelist: 0, IPv4: 2, IPv6: 16, Min Delay: 20 ms, Max Speed: 33.92 M/s, Avg Speed: 18.29 M/s, Max Resolution: 1920x1080
Category: 🎬电影频道, Name: 靖天映画, Total: 2, Valid: 2, Valid Percent: 100.00%, Whitelist: 0, IPv4: 2, IPv6: 0, Min Delay: 15 ms, Max Speed: 20.52 M/s, Avg Speed: 10.38 M/s, Max Resolution: 1920x1080
Category: 🎬电影频道, Name: 靖天戏剧, Total: 14, Valid: 2, Valid Percent: 14.29%, Whitelist: 0, IPv4: 2, IPv6: 12, Min Delay: 23 ms, Max Speed: 13.41 M/s, Avg Speed: 6.85 M/s, Max Resolution: 1920x1080
Category: 🎬电影频道, Name: 经典电影, Total: 2, Valid: 2, Valid Percent: 100.00%, Whitelist: 0, IPv4: 1, IPv6: 1, Min Delay: 14 ms, Max Speed: 22.26 M/s, Avg Speed: 14.63 M/s, Max Resolution: 1600x1320
Category: 🎬电影频道, Name: IPTV经典电影, Total: 1, Valid: 1, Valid Percent: 100.00%, Whitelist: 0, IPv4: 1, IPv6: 0, Min Delay: 53 ms, Max Speed: 8.51 M/s, Avg Speed: 8.51 M/s, Max Resolution: 1920x1080
Category: 🎬电影频道, Name: 天映经典, Total: 19, Valid: 2, Valid Percent: 10.53%, Whitelist: 0, IPv4: 2, IPv6: 17, Min Delay: 14 ms, Max Speed: 21.95 M/s, Avg Speed: 12.41 M/s, Max Resolution: 1920x1080
Category: 🎬电影频道, Name: 无线星河, Total: 1, Valid: 1, Valid Percent: 100.00%, Whitelist: 0, IPv4: 0, IPv6: 1, Min Delay: 102 ms, Max Speed: 29.35 M/s, Avg Speed: 29.35 M/s, Max Resolution: None
Category: 🎬电影频道, Name: 星空卫视, Total: 1, Valid: 1, Valid Percent: 100.00%, Whitelist: 0, IPv4: 1, IPv6: 0, Min Delay: 16 ms, Max Speed: 19.23 M/s, Avg Speed: 19.23 M/s, Max Resolution: 1920x1080
Category: 🎬电影频道, Name: 龙祥电影, Total: 3, Valid: 1, Valid Percent: 33.33%, Whitelist: 0, IPv4: 1, IPv6: 2, Min Delay: 88 ms, Max Speed: 2.75 M/s, Avg Speed: 2.75 M/s, Max Resolution: None
Category: 🎬电影频道, Name: 东森洋片, Total: 16, Valid: 2, Valid Percent: 12.50%, Whitelist: 0, IPv4: 2, IPv6: 14, Min Delay: 16 ms, Max Speed: 28.51 M/s, Avg Speed: 24.16 M/s, Max Resolution: 1920x1080
Category: 🎬电影频道, Name: 东森超视, Total: 2, Valid: 1, Valid Percent: 50.00%, Whitelist: 0, IPv4: 0, IPv6: 2, Min Delay: 0.1 ms, Max Speed: 0.00 M/s, Avg Speed: 0.00 M/s, Max Resolution: 1920x1080
Category: 🏀体育频道, Name: 广东体育, Total: 53, Valid: 0, Valid Percent: 0.00%, Whitelist: 0, IPv4: 0, IPv6: 53, Min Delay: -1 ms, Max Speed: 0.00 M/s, Avg Speed: 0.00 M/s, Max Resolution: None
Category: 🏀体育频道, Name: 纬来体育, Total: 3, Valid: 3, Valid Percent: 100.00%, Whitelist: 0, IPv4: 0, IPv6: 3, Min Delay: 0.1 ms, Max Speed: 0.00 M/s, Avg Speed: 0.00 M/s, Max Resolution: 1920x1080
Category: 🏀体育频道, Name: 五星体育, Total: 26, Valid: 0, Valid Percent: 0.00%, Whitelist: 0, IPv4: 0, IPv6: 26, Min Delay: -1 ms, Max Speed: 0.00 M/s, Avg Speed: 0.00 M/s, Max Resolution: None
Category: 🏀体育频道, Name: 风云足球, Total: 1, Valid: 1, Valid Percent: 100.00%, Whitelist: 0, IPv4: 0, IPv6: 1, Min Delay: 0.1 ms, Max Speed: 0.00 M/s, Avg Speed: 0.00 M/s, Max Resolution: 1920x1080
Category: 🪁动画频道, Name: 少儿动画, Total: 10, Valid: 1, Valid Percent: 10.00%, Whitelist: 0, IPv4: 10, IPv6: 0, Min Delay: 10005 ms, Max Speed: 0.03 M/s, Avg Speed: 0.03 M/s, Max Resolution: 1920x1080
Category: 🪁动画频道, Name: 卡酷动画, Total: 6, Valid: 1, Valid Percent: 16.67%, Whitelist: 0, IPv4: 2, IPv6: 4, Min Delay: 10277 ms, Max Speed: 0.06 M/s, Avg Speed: 0.06 M/s, Max Resolution: 720x576
Category: 🪁动画频道, Name: 动漫秀场, Total: 3, Valid: 0, Valid Percent: 0.00%, Whitelist: 0, IPv4: 0, IPv6: 3, Min Delay: -1 ms, Max Speed: 0.00 M/s, Avg Speed: 0.00 M/s, Max Resolution: None
Category: 🪁动画频道, Name: 新动漫, Total: 12, Valid: 0, Valid Percent: 0.00%, Whitelist: 0, IPv4: 0, IPv6: 12, Min Delay: -1 ms, Max Speed: 0.00 M/s, Avg Speed: 0.00 M/s, Max Resolution: None
Category: 🪁动画频道, Name: 青春动漫, Total: 2, Valid: 0, Valid Percent: 0.00%, Whitelist: 0, IPv4: 0, IPv6: 2, Min Delay: -1 ms, Max Speed: 0.00 M/s, Avg Speed: 0.00 M/s, Max Resolution: 1920x1080
Category: 🪁动画频道, Name: 爱动漫, Total: 1, Valid: 0, Valid Percent: 0.00%, Whitelist: 0, IPv4: 0, IPv6: 1, Min Delay: -1 ms, Max Speed: 0.00 M/s, Avg Speed: 0.00 M/s, Max Resolution: None
Category: 🪁动画频道, Name: CN卡通, Total: 1, Valid: 1, Valid Percent: 100.00%, Whitelist: 0, IPv4: 1, IPv6: 0, Min Delay: 13 ms, Max Speed: 24.59 M/s, Avg Speed: 24.59 M/s, Max Resolution: 1920x1080
Category: 🪁动画频道, Name: 金鹰卡通, Total: 2, Valid: 0, Valid Percent: 0.00%, Whitelist: 0, IPv4: 0, IPv6: 2, Min Delay: -1 ms, Max Speed: 0.00 M/s, Avg Speed: 0.00 M/s, Max Resolution: None
Category: 🪁动画频道, Name: 黑莓动画, Total: 9, Valid: 0, Valid Percent: 0.00%, Whitelist: 0, IPv4: 1, IPv6: 8, Min Delay: 224 ms, Max Speed: 0.00 M/s, Avg Speed: 0.00 M/s, Max Resolution: 1920x1080
Category: 🪁动画频道, Name: 炫动卡通, Total: 17, Valid: 2, Valid Percent: 11.76%, Whitelist: 0, IPv4: 12, IPv6: 5, Min Delay: 218 ms, Max Speed: 0.18 M/s, Avg Speed: 0.10 M/s, Max Resolution: 720x576
Category: 🪁动画频道, Name: 七龙珠, Total: 1, Valid: 0, Valid Percent: 0.00%, Whitelist: 0, IPv4: 0, IPv6: 1, Min Delay: -1 ms, Max Speed: 0.00 M/s, Avg Speed: 0.00 M/s, Max Resolution: None
Category: 🪁动画频道, Name: 火影忍者, Total: 1, Valid: 1, Valid Percent: 100.00%, Whitelist: 0, IPv4: 0, IPv6: 1, Min Delay: 2682 ms, Max Speed: 0.23 M/s, Avg Speed: 0.23 M/s, Max Resolution: 1920x1080
Category: 🪁动画频道, Name: 海绵宝宝, Total: 1, Valid: 1, Valid Percent: 100.00%, Whitelist: 0, IPv4: 0, IPv6: 1, Min Delay: 506 ms, Max Speed: 0.38 M/s, Avg Speed: 0.38 M/s, Max Resolution: 1920x1080
Category: 🪁动画频道, Name: 中华小当家, Total: 3, Valid: 0, Valid Percent: 0.00%, Whitelist: 0, IPv4: 1, IPv6: 2, Min Delay: 466 ms, Max Speed: 0.00 M/s, Avg Speed: 0.00 M/s, Max Resolution: 1920x1080
Category: 🪁动画频道, Name: 猫和老鼠, Total: 2, Valid: 0, Valid Percent: 0.00%, Whitelist: 0, IPv4: 0, IPv6: 2, Min Delay: -1 ms, Max Speed: 0.00 M/s, Avg Speed: 0.00 M/s, Max Resolution: 1920x1080
Category: 🪁动画频道, Name: 经典动漫, Total: 1, Valid: 1, Valid Percent: 100.00%, Whitelist: 0, IPv4: 0, IPv6: 1, Min Delay: 62 ms, Max Speed: 6.73 M/s, Avg Speed: 6.73 M/s, Max Resolution: 1920x1080
Category: 🪁动画频道, Name: 蜡笔小新, Total: 1, Valid: 1, Valid Percent: 100.00%, Whitelist: 0, IPv4: 1, IPv6: 0, Min Delay: 26 ms, Max Speed: 18.10 M/s, Avg Speed: 18.10 M/s, Max Resolution: 1920x1080
Category: 🪁动画频道, Name: 漫画解说, Total: 1, Valid: 1, Valid Percent: 100.00%, Whitelist: 0, IPv4: 0, IPv6: 1, Min Delay: 395 ms, Max Speed: 0.11 M/s, Avg Speed: 0.11 M/s, Max Resolution: 1920x1080
Category: 🎮游戏频道, Name: 游戏风云, Total: 2, Valid: 0, Valid Percent: 0.00%, Whitelist: 0, IPv4: 0, IPv6: 2, Min Delay: -1 ms, Max Speed: 0.00 M/s, Avg Speed: 0.00 M/s, Max Resolution: None
Category: 🎮游戏频道, Name: 电竞天堂, Total: 1, Valid: 0, Valid Percent: 0.00%, Whitelist: 0, IPv4: 0, IPv6: 1, Min Delay: -1 ms, Max Speed: 0.00 M/s, Avg Speed: 0.00 M/s, Max Resolution: 1920x1080
Category: 🎮游戏频道, Name: 爱电竞, Total: 1, Valid: 0, Valid Percent: 0.00%, Whitelist: 0, IPv4: 0, IPv6: 1, Min Delay: -1 ms, Max Speed: 0.00 M/s, Avg Speed: 0.00 M/s, Max Resolution: 1920x1080
Category: 🎵音乐频道, Name: CCTV-15, Total: 24, Valid: 0, Valid Percent: 0.00%, Whitelist: 0, IPv4: 0, IPv6: 24, Min Delay: -1 ms, Max Speed: 0.00 M/s, Avg Speed: 0.00 M/s, Max Resolution: None
Category: 🎵音乐频道, Name: 音乐现场, Total: 2, Valid: 2, Valid Percent: 100.00%, Whitelist: 0, IPv4: 2, IPv6: 0, Min Delay: 10 ms, Max Speed: 10.32 M/s, Avg Speed: 9.36 M/s, Max Resolution: None
Category: 🎵音乐频道, Name: 音乐之声, Total: 1, Valid: 1, Valid Percent: 100.00%, Whitelist: 0, IPv4: 1, IPv6: 0, Min Delay: 1044 ms, Max Speed: 0.15 M/s, Avg Speed: 0.15 M/s, Max Resolution: None
Category: 🎵音乐频道, Name: 潮流音乐, Total: 1, Valid: 1, Valid Percent: 100.00%, Whitelist: 0, IPv4: 1, IPv6: 0, Min Delay: 10835 ms, Max Speed: 0.03 M/s, Avg Speed: 0.03 M/s, Max Resolution: None
Category: 🎵音乐频道, Name: 音乐广播, Total: 25, Valid: 0, Valid Percent: 0.00%, Whitelist: 0, IPv4: 0, IPv6: 25, Min Delay: -1 ms, Max Speed: 0.00 M/s, Avg Speed: 0.00 M/s, Max Resolution: None
